/home/aday/bc_aeon/aeon/services/browser/server.py:197: DeprecationWarning: 
        on_event is deprecated, use lifespan event handlers instead.

        Read more about it in the
        [FastAPI docs for Lifespan Events](https://fastapi.tiangolo.com/advanced/events/).
        
  @app.on_event("startup")
/home/aday/bc_aeon/aeon/services/browser/server.py:201: DeprecationWarning: 
        on_event is deprecated, use lifespan event handlers instead.

        Read more about it in the
        [FastAPI docs for Lifespan Events](https://fastapi.tiangolo.com/advanced/events/).
        
  @app.on_event("shutdown")
INFO:     Started server process [3065216]
INFO:     Waiting for application startup.
INFO:     Application startup complete.
INFO:     Uvicorn running on http://0.0.0.0:8080 (Press CTRL+C to quit)
INFO:     127.0.0.1:41528 - "GET /ping HTTP/1.1" 200 OK
INFO:     127.0.0.1:34192 - "POST /navigate HTTP/1.1" 200 OK
INFO:     127.0.0.1:34202 - "POST /debug_press_and_hold HTTP/1.1" 422 Unprocessable Entity
INFO:     127.0.0.1:58288 - "POST /navigate HTTP/1.1" 200 OK
INFO:browser_server:DEBUG Press-and-Hold: #target for 2000ms
INFO:     127.0.0.1:58292 - "POST /debug_press_and_hold HTTP/1.1" 200 OK
INFO:     127.0.0.1:57452 - "POST /debug_get_text HTTP/1.1" 422 Unprocessable Entity
INFO:     127.0.0.1:57466 - "POST /navigate HTTP/1.1" 200 OK
INFO:browser_server:DEBUG Press-and-Hold: #target for 2000ms
INFO:     127.0.0.1:57478 - "POST /debug_press_and_hold HTTP/1.1" 200 OK
INFO:browser_server:DEBUG Get Text: #target
INFO:     127.0.0.1:57494 - "POST /debug_get_text HTTP/1.1" 200 OK
INFO:     Shutting down
INFO:     Waiting for application shutdown.
ERROR:    Traceback (most recent call last):
  File "/home/aday/.local/lib/python3.12/site-packages/starlette/routing.py", line 694, in lifespan
    async with self.lifespan_context(app) as maybe_state:
  File "/home/aday/.local/lib/python3.12/site-packages/fastapi/routing.py", line 231, in __aexit__
    await self._router._shutdown()
  File "/home/aday/.local/lib/python3.12/site-packages/fastapi/routing.py", line 4573, in _shutdown
    await handler()
  File "/home/aday/bc_aeon/aeon/services/browser/server.py", line 204, in on_shutdown
    await browser_instance.close()
  File "/home/aday/.local/lib/python3.12/site-packages/playwright/async_api/_generated.py", line 14322, in close
    return mapping.from_maybe_impl(await self._impl_obj.close(reason=reason))
                                   ^^^^^^^^^^^^^^^^^^^^^^^^^^^^^^^^^^^^^^^^^
  File "/home/aday/.local/lib/python3.12/site-packages/playwright/_impl/_browser.py", line 241, in close
    raise e
  File "/home/aday/.local/lib/python3.12/site-packages/playwright/_impl/_browser.py", line 238, in close
    await self._channel.send("close", None, {"reason": reason})
  File "/home/aday/.local/lib/python3.12/site-packages/playwright/_impl/_connection.py", line 69, in send
    return await self._connection.wrap_api_call(
           ^^^^^^^^^^^^^^^^^^^^^^^^^^^^^^^^^^^^^
  File "/home/aday/.local/lib/python3.12/site-packages/playwright/_impl/_connection.py", line 559, in wrap_api_call
    raise rewrite_error(error, f"{parsed_st['apiName']}: {error}") from None
RuntimeError: Browser.close: unable to perform operation on <WriteUnixTransport closed=True reading=False 0x7114b3ad9d80>; the handler is closed

ERROR:    Application shutdown failed. Exiting.
INFO:     Finished server process [3065216]
